2026-08-05 20:28:13.724: [INFO] CurrentProfilePath: C:\Users\amend\OneDrive\Desktop\Programacion Orientada a Objetos\Ejercicios\Tp1\.metadata\.plugins\org.eclipse.swt\EBWebView\Default
2026-08-05 20:28:13.724: [INFO] Profiles total count: 1
2026-08-05 20:28:13.724: [INFO] Profile: name=Perfil 1 path=C:\Users\amend\OneDrive\Desktop\Programacion Orientada a Objetos\Ejercicios\Tp1\.metadata\.plugins\org.eclipse.swt\EBWebView\Default lastActive=null
2026-08-05 20:28:13.724: [INFO] LastUsedProfileDir: C:\Users\amend\OneDrive\Desktop\Programacion Orientada a Objetos\Ejercicios\Tp1\.metadata\.plugins\org.eclipse.swt\EBWebView\Default
2026-08-05 20:28:13.724: [INFO] OnDoneLoading sync enabled: 0
2026-08-05 20:28:13.724: [INFO] BookmarkModelLoaded, ids_reassigned: 0
2026-08-05 20:28:13.724: [INFO] BookmarksLoadDropped droppedNodes=0
2026-08-05 20:28:13.724: [INFO] BookmarksSnapshot Startup total=0 bar=0 other=0 mobile=0 showBar=0 showBarNTP=1
2026-08-05 20:30:28.782: [INFO] BookmarksSnapshot Shutdown total=0 bar=0 other=0 mobile=0 showBar=0 showBarNTP=1
2026-08-05 21:07:18.280: [INFO] CurrentProfilePath: C:\Users\amend\OneDrive\Desktop\Programacion Orientada a Objetos\Ejercicios\Tp1\.metadata\.plugins\org.eclipse.swt\EBWebView\Default
2026-08-05 21:07:18.281: [INFO] Profiles total count: 1
2026-08-05 21:07:18.297: [INFO] Profile: name=Perfil 1 path=C:\Users\amend\OneDrive\Desktop\Programacion Orientada a Objetos\Ejercicios\Tp1\.metadata\.plugins\org.eclipse.swt\EBWebView\Default lastActive=2026-08-05T20:30:20.770Z
2026-08-05 21:07:18.297: [INFO] LastUsedProfileDir: C:\Users\amend\OneDrive\Desktop\Programacion Orientada a Objetos\Ejercicios\Tp1\.metadata\.plugins\org.eclipse.swt\EBWebView\Default
2026-08-05 21:07:18.297: [INFO] MostRecentlyActiveProfile: name=Perfil 1 path=C:\Users\amend\OneDrive\Desktop\Programacion Orientada a Objetos\Ejercicios\Tp1\.metadata\.plugins\org.eclipse.swt\EBWebView\Default lastActive=2026-08-05T20:30:20.770Z
2026-08-05 21:07:18.297: [INFO] OnDoneLoading sync enabled: 0
2026-08-05 21:07:18.297: [INFO] BookmarkModelLoaded, ids_reassigned: 0
2026-08-05 21:07:18.297: [INFO] BookmarksLoadDropped droppedNodes=0
2026-08-05 21:07:18.297: [INFO] BookmarksSnapshot Startup total=0 bar=0 other=0 mobile=0 showBar=0 showBarNTP=1
2026-08-05 21:14:25.560: [INFO] BookmarksSnapshot Shutdown total=0 bar=0 other=0 mobile=0 showBar=0 showBarNTP=1
2026-08-05 21:14:44.450: [INFO] CurrentProfilePath: C:\Users\amend\OneDrive\Desktop\Programacion Orientada a Objetos\Ejercicios\Tp1\.metadata\.plugins\org.eclipse.swt\EBWebView\Default
2026-08-05 21:14:44.450: [INFO] Profiles total count: 1
2026-08-05 21:14:44.451: [INFO] Profile: name=Perfil 1 path=C:\Users\amend\OneDrive\Desktop\Programacion Orientada a Objetos\Ejercicios\Tp1\.metadata\.plugins\org.eclipse.swt\EBWebView\Default lastActive=2026-08-05T20:30:20.770Z
2026-08-05 21:14:44.451: [INFO] LastUsedProfileDir: C:\Users\amend\OneDrive\Desktop\Programacion Orientada a Objetos\Ejercicios\Tp1\.metadata\.plugins\org.eclipse.swt\EBWebView\Default
2026-08-05 21:14:44.452: [INFO] MostRecentlyActiveProfile: name=Perfil 1 path=C:\Users\amend\OneDrive\Desktop\Programacion Orientada a Objetos\Ejercicios\Tp1\.metadata\.plugins\org.eclipse.swt\EBWebView\Default lastActive=2026-08-05T20:30:20.770Z
2026-08-05 21:14:44.452: [INFO] OnDoneLoading sync enabled: 0
2026-08-05 21:14:44.452: [INFO] BookmarkModelLoaded, ids_reassigned: 0
2026-08-05 21:14:44.452: [INFO] BookmarksLoadDropped droppedNodes=0
2026-08-05 21:14:44.452: [INFO] BookmarksSnapshot Startup total=0 bar=0 other=0 mobile=0 showBar=0 showBarNTP=1
2026-08-05 22:13:11.304: [INFO] BookmarksSnapshot Shutdown total=0 bar=0 other=0 mobile=0 showBar=0 showBarNTP=1
